This is XeTeX, Version 3.141592653-2.6-0.999997 (MiKTeX 25.12) (preloaded format=xelatex 2026.9.19)  19 SEP 2026 14:59
entering extended mode
 restricted \write18 enabled.
 %&-line parsing enabled.
**./bookdown-demo.tex
(bookdown-demo.tex
LaTeX2e <2025-11-01>
L3 programming layer <2025-12-24>
(C:\Users\usuario\AppData\Local\Programs\MiKTeX\tex/latex/base\book.cls
Document Class: book 2025/01/22 v1.4n Standard LaTeX document class
(C:\Users\usuario\AppData\Local\Programs\MiKTeX\tex/latex/base\bk10.clo
File: bk10.clo 2025/01/22 v1.4n Standard LaTeX file (size option)
)
\c@part=\count271
\c@chapter=\count272
\c@section=\count273
\c@subsection=\count274
\c@subsubsection=\count275
\c@paragraph=\count276
\c@subparagraph=\count277
\c@figure=\count278
\c@table=\count279
\abovecaptionskip=\skip49
\belowcaptionskip=\skip50
\bibindent=\dimen148
) (C:\Users\usuario\AppData\Local\Programs\MiKTeX\tex/latex/xcolor\xcolor.sty
Package: xcolor 2024/09/29 v3.02 LaTeX color extensions (UK)

(C:\Users\usuario\AppData\Local\Programs\MiKTeX\tex/latex/graphics-cfg\color.cf
g
File: color.cfg 2016/01/02 v1.6 sample color configuration
)
Package xcolor Info: Driver file: xetex.def on input line 274.

(C:\Users\usuario\AppData\Local\Programs\MiKTeX\tex/latex/graphics-def\xetex.de
f
File: xetex.def 2025/11/01 v5.0p Graphics/color driver for xetex
)
(C:\Users\usuario\AppData\Local\Programs\MiKTeX\tex/latex/graphics\mathcolor.lt
x)
Package xcolor Info: Model `cmy' substituted by `cmy0' on input line 1349.
Package xcolor Info: Model `RGB' extended on input line 1365.
Package xcolor Info: Model `HTML' substituted by `rgb' on input line 1367.
Package xcolor Info: Model `Hsb' substituted by `hsb' on input line 1368.
Package xcolor Info: Model `tHsb' substituted by `hsb' on input line 1369.
Package xcolor Info: Model `HSB' substituted by `hsb' on input line 1370.
Package xcolor Info: Model `Gray' substituted by `gray' on input line 1371.
Package xcolor Info: Model `wave' substituted by `hsb' on input line 1372.
) (C:\Users\usuario\AppData\Local\Programs\MiKTeX\tex/latex/amsmath\amsmath.sty
Package: amsmath 2025/07/09 v2.17z AMS math features
\@mathmargin=\skip51
For additional information on amsmath, use the `?' option.
(C:\Users\usuario\AppData\Local\Programs\MiKTeX\tex/latex/amsmath\amstext.sty
Package: amstext 2024/11/17 v2.01 AMS text
(C:\Users\usuario\AppData\Local\Programs\MiKTeX\tex/latex/amsmath\amsgen.sty
File: amsgen.sty 1999/11/30 v2.0 generic functions
\@emptytoks=\toks17
\ex@=\dimen149
)) (C:\Users\usuario\AppData\Local\Programs\MiKTeX\tex/latex/amsmath\amsbsy.sty
Package: amsbsy 1999/11/29 v1.2d Bold Symbols
\pmbraise@=\dimen150
) (C:\Users\usuario\AppData\Local\Programs\MiKTeX\tex/latex/amsmath\amsopn.sty
Package: amsopn 2022/04/08 v2.04 operator names
)
\inf@bad=\count280
LaTeX Info: Redefining \frac on input line 233.
\uproot@=\count281
\leftroot@=\count282
LaTeX Info: Redefining \overline on input line 398.
LaTeX Info: Redefining \colon on input line 409.
\classnum@=\count283
\DOTSCASE@=\count284
LaTeX Info: Redefining \ldots on input line 495.
LaTeX Info: Redefining \dots on input line 498.
LaTeX Info: Redefining \cdots on input line 619.
\Mathstrutbox@=\box53
\strutbox@=\box54
LaTeX Info: Redefining \big on input line 721.
LaTeX Info: Redefining \Big on input line 722.
LaTeX Info: Redefining \bigg on input line 723.
LaTeX Info: Redefining \Bigg on input line 724.
\big@size=\dimen151
LaTeX Font Info:    Redeclaring font encoding OML on input line 742.
LaTeX Font Info:    Redeclaring font encoding OMS on input line 743.
\macc@depth=\count285
LaTeX Info: Redefining \bmod on input line 904.
LaTeX Info: Redefining \pmod on input line 909.
LaTeX Info: Redefining \smash on input line 939.
LaTeX Info: Redefining \relbar on input line 969.
LaTeX Info: Redefining \Relbar on input line 970.
\c@MaxMatrixCols=\count286
\dotsspace@=\muskip17
\c@parentequation=\count287
\dspbrk@lvl=\count288
\tag@help=\toks18
\row@=\count289
\column@=\count290
\maxfields@=\count291
\andhelp@=\toks19
\eqnshift@=\dimen152
\alignsep@=\dimen153
\tagshift@=\dimen154
\tagwidth@=\dimen155
\totwidth@=\dimen156
\lineht@=\dimen157
\@envbody=\toks20
\multlinegap=\skip52
\multlinetaggap=\skip53
\mathdisplay@stack=\toks21
LaTeX Info: Redefining \[ on input line 2950.
LaTeX Info: Redefining \] on input line 2951.
) (C:\Users\usuario\AppData\Local\Programs\MiKTeX\tex/latex/amsfonts\amssymb.st
y
Package: amssymb 2013/01/14 v3.01 AMS font symbols

(C:\Users\usuario\AppData\Local\Programs\MiKTeX\tex/latex/amsfonts\amsfonts.sty
Package: amsfonts 2013/01/14 v3.01 Basic AMSFonts support
\symAMSa=\mathgroup4
\symAMSb=\mathgroup5
LaTeX Font Info:    Redeclaring math symbol \hbar on input line 98.
LaTeX Font Info:    Overwriting math alphabet `\mathfrak' in version `bold'
(Font)                  U/euf/m/n --> U/euf/b/n on input line 106.
)) (C:\Users\usuario\AppData\Local\Programs\MiKTeX\tex/generic/iftex\iftex.sty
Package: iftex 2024/12/12 v1.0g TeX engine tests
)
(C:\Users\usuario\AppData\Local\Programs\MiKTeX\tex/latex/unicode-math\unicode-
math.sty (C:\Users\usuario\AppData\Local\Programs\MiKTeX\tex/latex/l3kernel\exp
l3.sty
Package: expl3 2025-12-24 L3 programming layer (loader) 

(C:\Users\usuario\AppData\Local\Programs\MiKTeX\tex/latex/l3backend\l3backend-x
etex.def
File: l3backend-xetex.def 2025-10-09 L3 backend support: XeTeX
\g__graphics_track_int=\count292
\g__pdfannot_backend_int=\count293
\g__pdfannot_backend_link_int=\count294
))
Package: unicode-math 2023/08/13 v0.8r Unicode maths in XeLaTeX and LuaLaTeX

(C:\Users\usuario\AppData\Local\Programs\MiKTeX\tex/latex/unicode-math\unicode-
math-xetex.sty
Package: unicode-math-xetex 2023/08/13 v0.8r Unicode maths in XeLaTeX and LuaLa
TeX

(C:\Users\usuario\AppData\Local\Programs\MiKTeX\tex/latex/l3packages/xparse\xpa
rse.sty
Package: xparse 2025-10-09 L3 Experimental document command parser
)
(C:\Users\usuario\AppData\Local\Programs\MiKTeX\tex/latex/l3packages/l3keys2e\l
3keys2e.sty
Package: l3keys2e 2025-10-09 LaTeX2e option processing using LaTeX3 keys
)
(C:\Users\usuario\AppData\Local\Programs\MiKTeX\tex/latex/fontspec\fontspec.sty
Package: fontspec 2025/09/29 v2.9g Font selection for XeLaTeX and LuaLaTeX

(C:\Users\usuario\AppData\Local\Programs\MiKTeX\tex/latex/fontspec\fontspec-xet
ex.sty
Package: fontspec-xetex 2025/09/29 v2.9g Font selection for XeLaTeX and LuaLaTe
X
\l__fontspec_script_int=\count295
\l__fontspec_language_int=\count296
\l__fontspec_strnum_int=\count297
\l__fontspec_tmp_int=\count298
\l__fontspec_tmpa_int=\count299
\l__fontspec_tmpb_int=\count300
\l__fontspec_tmpc_int=\count301
\l__fontspec_em_int=\count302
\l__fontspec_emdef_int=\count303
\l__fontspec_strong_int=\count304
\l__fontspec_strongdef_int=\count305
\l__fontspec_tmpa_dim=\dimen158
\l__fontspec_tmpb_dim=\dimen159
\l__fontspec_tmpc_dim=\dimen160
(C:\Users\usuario\AppData\Local\Programs\MiKTeX\tex/latex/base\fontenc.sty
Package: fontenc 2025/07/18 v2.1d Standard LaTeX package
)
(C:\Users\usuario\AppData\Local\Programs\MiKTeX\tex/latex/fontspec\fontspec.cfg
))) (C:\Users\usuario\AppData\Local\Programs\MiKTeX\tex/latex/base\fix-cm.sty
Package: fix-cm 2020/11/24 v1.1t fixes to LaTeX
(C:\Users\usuario\AppData\Local\Programs\MiKTeX\tex/latex/base\ts1enc.def
File: ts1enc.def 2001/06/05 v3.0e (jk/car/fm) Standard LaTeX file
LaTeX Font Info:    Redeclaring font encoding TS1 on input line 47.
LaTeX Encoding Info:    Redeclaring text command \capitalcedilla (encoding TS1)
 on input line 49.
LaTeX Encoding Info:    Redeclaring text command \capitalogonek (encoding TS1) 
on input line 52.
LaTeX Encoding Info:    Redeclaring text command \capitalgrave (encoding TS1) o
n input line 55.
LaTeX Encoding Info:    Redeclaring text command \capitalacute (encoding TS1) o
n input line 56.
LaTeX Encoding Info:    Redeclaring text command \capitalcircumflex (encoding T
S1) on input line 57.
LaTeX Encoding Info:    Redeclaring text command \capitaltilde (encoding TS1) o
n input line 58.
LaTeX Encoding Info:    Redeclaring text command \capitaldieresis (encoding TS1
) on input line 59.
LaTeX Encoding Info:    Redeclaring text command \capitalhungarumlaut (encoding
 TS1) on input line 60.
LaTeX Encoding Info:    Redeclaring text command \capitalring (encoding TS1) on
 input line 61.
LaTeX Encoding Info:    Redeclaring text command \capitalcaron (encoding TS1) o
n input line 62.
LaTeX Encoding Info:    Redeclaring text command \capitalbreve (encoding TS1) o
n input line 63.
LaTeX Encoding Info:    Redeclaring text command \capitalmacron (encoding TS1) 
on input line 64.
LaTeX Encoding Info:    Redeclaring text command \capitaldotaccent (encoding TS
1) on input line 65.
LaTeX Encoding Info:    Redeclaring text command \t (encoding TS1) on input lin
e 66.
LaTeX Encoding Info:    Redeclaring text command \capitaltie (encoding TS1) on 
input line 67.
LaTeX Encoding Info:    Redeclaring text command \newtie (encoding TS1) on inpu
t line 68.
LaTeX Encoding Info:    Redeclaring text command \capitalnewtie (encoding TS1) 
on input line 69.
LaTeX Encoding Info:    Redeclaring text symbol \textcapitalcompwordmark (encod
ing TS1) on input line 70.
LaTeX Encoding Info:    Redeclaring text symbol \textascendercompwordmark (enco
ding TS1) on input line 71.
LaTeX Encoding Info:    Redeclaring text symbol \textquotestraightbase (encodin
g TS1) on input line 72.
LaTeX Encoding Info:    Redeclaring text symbol \textquotestraightdblbase (enco
ding TS1) on input line 73.
LaTeX Encoding Info:    Redeclaring text symbol \texttwelveudash (encoding TS1)
 on input line 74.
LaTeX Encoding Info:    Redeclaring text symbol \textthreequartersemdash (encod
ing TS1) on input line 75.
LaTeX Encoding Info:    Redeclaring text symbol \textleftarrow (encoding TS1) o
n input line 76.
LaTeX Encoding Info:    Redeclaring text symbol \textrightarrow (encoding TS1) 
on input line 77.
LaTeX Encoding Info:    Redeclaring text symbol \textblank (encoding TS1) on in
put line 78.
LaTeX Encoding Info:    Redeclaring text symbol \textdollar (encoding TS1) on i
nput line 79.
LaTeX Encoding Info:    Redeclaring text symbol \textquotesingle (encoding TS1)
 on input line 80.
LaTeX Encoding Info:    Redeclaring text command \textasteriskcentered (encodin
g TS1) on input line 81.
LaTeX Encoding Info:    Redeclaring text symbol \textdblhyphen (encoding TS1) o
n input line 92.
LaTeX Encoding Info:    Redeclaring text symbol \textfractionsolidus (encoding 
TS1) on input line 93.
LaTeX Encoding Info:    Redeclaring text symbol \textzerooldstyle (encoding TS1
) on input line 94.
LaTeX Encoding Info:    Redeclaring text symbol \textoneoldstyle (encoding TS1)
 on input line 95.
LaTeX Encoding Info:    Redeclaring text symbol \texttwooldstyle (encoding TS1)
 on input line 96.
LaTeX Encoding Info:    Redeclaring text symbol \textthreeoldstyle (encoding TS
1) on input line 97.
LaTeX Encoding Info:    Redeclaring text symbol \textfouroldstyle (encoding TS1
) on input line 98.
LaTeX Encoding Info:    Redeclaring text symbol \textfiveoldstyle (encoding TS1
) on input line 99.
LaTeX Encoding Info:    Redeclaring text symbol \textsixoldstyle (encoding TS1)
 on input line 100.
LaTeX Encoding Info:    Redeclaring text symbol \textsevenoldstyle (encoding TS
1) on input line 101.
LaTeX Encoding Info:    Redeclaring text symbol \texteightoldstyle (encoding TS
1) on input line 102.
LaTeX Encoding Info:    Redeclaring text symbol \textnineoldstyle (encoding TS1
) on input line 103.
LaTeX Encoding Info:    Redeclaring text symbol \textlangle (encoding TS1) on i
nput line 104.
LaTeX Encoding Info:    Redeclaring text symbol \textminus (encoding TS1) on in
put line 105.
LaTeX Encoding Info:    Redeclaring text symbol \textrangle (encoding TS1) on i
nput line 106.
LaTeX Encoding Info:    Redeclaring text symbol \textmho (encoding TS1) on inpu
t line 107.
LaTeX Encoding Info:    Redeclaring text symbol \textbigcircle (encoding TS1) o
n input line 108.
LaTeX Encoding Info:    Redeclaring text command \textcircled (encoding TS1) on
 input line 109.
LaTeX Encoding Info:    Redeclaring text symbol \textohm (encoding TS1) on inpu
t line 115.
LaTeX Encoding Info:    Redeclaring text symbol \textlbrackdbl (encoding TS1) o
n input line 116.
LaTeX Encoding Info:    Redeclaring text symbol \textrbrackdbl (encoding TS1) o
n input line 117.
LaTeX Encoding Info:    Redeclaring text symbol \textuparrow (encoding TS1) on 
input line 118.
LaTeX Encoding Info:    Redeclaring text symbol \textdownarrow (encoding TS1) o
n input line 119.
LaTeX Encoding Info:    Redeclaring text symbol \textasciigrave (encoding TS1) 
on input line 120.
LaTeX Encoding Info:    Redeclaring text symbol \textborn (encoding TS1) on inp
ut line 121.
LaTeX Encoding Info:    Redeclaring text symbol \textdivorced (encoding TS1) on
 input line 122.
LaTeX Encoding Info:    Redeclaring text symbol \textdied (encoding TS1) on inp
ut line 123.
LaTeX Encoding Info:    Redeclaring text symbol \textleaf (encoding TS1) on inp
ut line 124.
LaTeX Encoding Info:    Redeclaring text symbol \textmarried (encoding TS1) on 
input line 125.
LaTeX Encoding Info:    Redeclaring text symbol \textmusicalnote (encoding TS1)
 on input line 126.
LaTeX Encoding Info:    Redeclaring text symbol \texttildelow (encoding TS1) on
 input line 127.
LaTeX Encoding Info:    Redeclaring text symbol \textdblhyphenchar (encoding TS
1) on input line 128.
LaTeX Encoding Info:    Redeclaring text symbol \textasciibreve (encoding TS1) 
on input line 129.
LaTeX Encoding Info:    Redeclaring text symbol \textasciicaron (encoding TS1) 
on input line 130.
LaTeX Encoding Info:    Redeclaring text symbol \textacutedbl (encoding TS1) on
 input line 131.
LaTeX Encoding Info:    Redeclaring text symbol \textgravedbl (encoding TS1) on
 input line 132.
LaTeX Encoding Info:    Redeclaring text symbol \textdagger (encoding TS1) on i
nput line 133.
LaTeX Encoding Info:    Redeclaring text symbol \textdaggerdbl (encoding TS1) o
n input line 134.
LaTeX Encoding Info:    Redeclaring text symbol \textbardbl (encoding TS1) on i
nput line 135.
LaTeX Encoding Info:    Redeclaring text symbol \textperthousand (encoding TS1)
 on input line 136.
LaTeX Encoding Info:    Redeclaring text symbol \textbullet (encoding TS1) on i
nput line 137.
LaTeX Encoding Info:    Redeclaring text symbol \textcelsius (encoding TS1) on 
input line 138.
LaTeX Encoding Info:    Redeclaring text symbol \textdollaroldstyle (encoding T
S1) on input line 139.
LaTeX Encoding Info:    Redeclaring text symbol \textcentoldstyle (encoding TS1
) on input line 140.
LaTeX Encoding Info:    Redeclaring text symbol \textflorin (encoding TS1) on i
nput line 141.
LaTeX Encoding Info:    Redeclaring text symbol \textcolonmonetary (encoding TS
1) on input line 142.
LaTeX Encoding Info:    Redeclaring text symbol \textwon (encoding TS1) on inpu
t line 143.
LaTeX Encoding Info:    Redeclaring text symbol \textnaira (encoding TS1) on in
put line 144.
LaTeX Encoding Info:    Redeclaring text symbol \textguarani (encoding TS1) on 
input line 145.
LaTeX Encoding Info:    Redeclaring text symbol \textpeso (encoding TS1) on inp
ut line 146.
LaTeX Encoding Info:    Redeclaring text symbol \textlira (encoding TS1) on inp
ut line 147.
LaTeX Encoding Info:    Redeclaring text symbol \textrecipe (encoding TS1) on i
nput line 148.
LaTeX Encoding Info:    Redeclaring text symbol \textinterrobang (encoding TS1)
 on input line 149.
LaTeX Encoding Info:    Redeclaring text symbol \textinterrobangdown (encoding 
TS1) on input line 150.
LaTeX Encoding Info:    Redeclaring text symbol \textdong (encoding TS1) on inp
ut line 151.
LaTeX Encoding Info:    Redeclaring text symbol \texttrademark (encoding TS1) o
n input line 152.
LaTeX Encoding Info:    Redeclaring text symbol \textpertenthousand (encoding T
S1) on input line 153.
LaTeX Encoding Info:    Redeclaring text symbol \textpilcrow (encoding TS1) on 
input line 154.
LaTeX Encoding Info:    Redeclaring text symbol \textbaht (encoding TS1) on inp
ut line 155.
LaTeX Encoding Info:    Redeclaring text symbol \textnumero (encoding TS1) on i
nput line 156.
LaTeX Encoding Info:    Redeclaring text symbol \textdiscount (encoding TS1) on
 input line 157.
LaTeX Encoding Info:    Redeclaring text symbol \textestimated (encoding TS1) o
n input line 158.
LaTeX Encoding Info:    Redeclaring text symbol \textopenbullet (encoding TS1) 
on input line 159.
LaTeX Encoding Info:    Redeclaring text symbol \textservicemark (encoding TS1)
 on input line 160.
LaTeX Encoding Info:    Redeclaring text symbol \textlquill (encoding TS1) on i
nput line 161.
LaTeX Encoding Info:    Redeclaring text symbol \textrquill (encoding TS1) on i
nput line 162.
LaTeX Encoding Info:    Redeclaring text symbol \textcent (encoding TS1) on inp
ut line 163.
LaTeX Encoding Info:    Redeclaring text symbol \textsterling (encoding TS1) on
 input line 164.
LaTeX Encoding Info:    Redeclaring text symbol \textcurrency (encoding TS1) on
 input line 165.
LaTeX Encoding Info:    Redeclaring text symbol \textyen (encoding TS1) on inpu
t line 166.
LaTeX Encoding Info:    Redeclaring text symbol \textbrokenbar (encoding TS1) o
n input line 167.
LaTeX Encoding Info:    Redeclaring text symbol \textsection (encoding TS1) on 
input line 168.
LaTeX Encoding Info:    Redeclaring text symbol \textasciidieresis (encoding TS
1) on input line 169.
LaTeX Encoding Info:    Redeclaring text symbol \textcopyright (encoding TS1) o
n input line 170.
LaTeX Encoding Info:    Redeclaring text symbol \textordfeminine (encoding TS1)
 on input line 171.
LaTeX Encoding Info:    Redeclaring text symbol \textcopyleft (encoding TS1) on
 input line 172.
LaTeX Encoding Info:    Redeclaring text symbol \textlnot (encoding TS1) on inp
ut line 173.
LaTeX Encoding Info:    Redeclaring text symbol \textcircledP (encoding TS1) on
 input line 174.
LaTeX Encoding Info:    Redeclaring text symbol \textregistered (encoding TS1) 
on input line 175.
LaTeX Encoding Info:    Redeclaring text symbol \textasciimacron (encoding TS1)
 on input line 176.
LaTeX Encoding Info:    Redeclaring text symbol \textdegree (encoding TS1) on i
nput line 177.
LaTeX Encoding Info:    Redeclaring text symbol \textpm (encoding TS1) on input
 line 178.
LaTeX Encoding Info:    Redeclaring text symbol \texttwosuperior (encoding TS1)
 on input line 179.
LaTeX Encoding Info:    Redeclaring text symbol \textthreesuperior (encoding TS
1) on input line 180.
LaTeX Encoding Info:    Redeclaring text symbol \textasciiacute (encoding TS1) 
on input line 181.
LaTeX Encoding Info:    Redeclaring text symbol \textmu (encoding TS1) on input
 line 182.
LaTeX Encoding Info:    Redeclaring text symbol \textparagraph (encoding TS1) o
n input line 183.
LaTeX Encoding Info:    Redeclaring text symbol \textperiodcentered (encoding T
S1) on input line 184.
LaTeX Encoding Info:    Redeclaring text symbol \textreferencemark (encoding TS
1) on input line 185.
LaTeX Encoding Info:    Redeclaring text symbol \textonesuperior (encoding TS1)
 on input line 186.
LaTeX Encoding Info:    Redeclaring text symbol \textordmasculine (encoding TS1
) on input line 187.
LaTeX Encoding Info:    Redeclaring text symbol \textsurd (encoding TS1) on inp
ut line 188.
LaTeX Encoding Info:    Redeclaring text symbol \textonequarter (encoding TS1) 
on input line 189.
LaTeX Encoding Info:    Redeclaring text symbol \textonehalf (encoding TS1) on 
input line 190.
LaTeX Encoding Info:    Redeclaring text symbol \textthreequarters (encoding TS
1) on input line 191.
LaTeX Encoding Info:    Redeclaring text symbol \texteuro (encoding TS1) on inp
ut line 192.
LaTeX Encoding Info:    Redeclaring text symbol \texttimes (encoding TS1) on in
put line 193.
LaTeX Encoding Info:    Redeclaring text symbol \textdiv (encoding TS1) on inpu
t line 194.
))
\g__um_fam_int=\count306
\g__um_fonts_used_int=\count307
\l__um_primecount_int=\count308
\g__um_primekern_muskip=\muskip18

(C:\Users\usuario\AppData\Local\Programs\MiKTeX\tex/latex/unicode-math\unicode-
math-table.tex))) (C:\Users\usuario\AppData\Local\Programs\MiKTeX\tex/latex/lm\
lmodern.sty
Package: lmodern 2015/05/01 v1.6.1 Latin Modern Fonts
LaTeX Font Info:    Overwriting symbol font `operators' in version `normal'
(Font)                  OT1/cmr/m/n --> OT1/lmr/m/n on input line 22.
LaTeX Font Info:    Overwriting symbol font `letters' in version `normal'
(Font)                  OML/cmm/m/it --> OML/lmm/m/it on input line 23.
LaTeX Font Info:    Overwriting symbol font `symbols' in version `normal'
(Font)                  OMS/cmsy/m/n --> OMS/lmsy/m/n on input line 24.
LaTeX Font Info:    Overwriting symbol font `largesymbols' in version `normal'
(Font)                  OMX/cmex/m/n --> OMX/lmex/m/n on input line 25.
LaTeX Font Info:    Overwriting symbol font `operators' in version `bold'
(Font)                  OT1/cmr/bx/n --> OT1/lmr/bx/n on input line 26.
LaTeX Font Info:    Overwriting symbol font `letters' in version `bold'
(Font)                  OML/cmm/b/it --> OML/lmm/b/it on input line 27.
LaTeX Font Info:    Overwriting symbol font `symbols' in version `bold'
(Font)                  OMS/cmsy/b/n --> OMS/lmsy/b/n on input line 28.
LaTeX Font Info:    Overwriting symbol font `largesymbols' in version `bold'
(Font)                  OMX/cmex/m/n --> OMX/lmex/m/n on input line 29.
LaTeX Font Info:    Overwriting math alphabet `\mathbf' in version `normal'
(Font)                  OT1/cmr/bx/n --> OT1/lmr/bx/n on input line 31.
LaTeX Font Info:    Overwriting math alphabet `\mathsf' in version `normal'
(Font)                  OT1/cmss/m/n --> OT1/lmss/m/n on input line 32.
LaTeX Font Info:    Overwriting math alphabet `\mathit' in version `normal'
(Font)                  OT1/cmr/m/it --> OT1/lmr/m/it on input line 33.
LaTeX Font Info:    Overwriting math alphabet `\mathtt' in version `normal'
(Font)                  OT1/cmtt/m/n --> OT1/lmtt/m/n on input line 34.
LaTeX Font Info:    Overwriting math alphabet `\mathbf' in version `bold'
(Font)                  OT1/cmr/bx/n --> OT1/lmr/bx/n on input line 35.
LaTeX Font Info:    Overwriting math alphabet `\mathsf' in version `bold'
(Font)                  OT1/cmss/bx/n --> OT1/lmss/bx/n on input line 36.
LaTeX Font Info:    Overwriting math alphabet `\mathit' in version `bold'
(Font)                  OT1/cmr/bx/it --> OT1/lmr/bx/it on input line 37.
LaTeX Font Info:    Overwriting math alphabet `\mathtt' in version `bold'
(Font)                  OT1/cmtt/m/n --> OT1/lmtt/m/n on input line 38.
) (C:\Users\usuario\AppData\Local\Programs\MiKTeX\tex/latex/upquote\upquote.sty
Package: upquote 2012/04/19 v1.3 upright-quote and grave-accent glyphs in verba
tim
(C:\Users\usuario\AppData\Local\Programs\MiKTeX\tex/latex/base\textcomp.sty
Package: textcomp 2024/04/24 v2.1b Standard LaTeX package
))
(C:\Users\usuario\AppData\Local\Programs\MiKTeX\tex/latex/microtype\microtype.s
ty
Package: microtype 2026/03/01 v3.2d Micro-typographical refinements (RS)
(C:\Users\usuario\AppData\Local\Programs\MiKTeX\tex/latex/graphics\keyval.sty
Package: keyval 2022/05/29 v1.15 key=value parser (DPC)
\KV@toks@=\toks22
)
(C:\Users\usuario\AppData\Local\Programs\MiKTeX\tex/latex/etoolbox\etoolbox.sty
Package: etoolbox 2025/10/02 v2.5m e-TeX tools for LaTeX (JAW)
\etb@tempcnta=\count309
)
\MT@toks=\toks23
\MT@tempbox=\box55
\MT@count=\count310
LaTeX Info: Redefining \noprotrusionifhmode on input line 1084.
LaTeX Info: Redefining \leftprotrusion on input line 1085.
\MT@prot@toks=\toks24
LaTeX Info: Redefining \rightprotrusion on input line 1104.
LaTeX Info: Redefining \textls on input line 1449.
\MT@outer@kern=\dimen161
LaTeX Info: Redefining \microtypecontext on input line 2053.
LaTeX Info: Redefining \textmicrotypecontext on input line 2070.
\MT@listname@count=\count311

(C:\Users\usuario\AppData\Local\Programs\MiKTeX\tex/latex/microtype\microtype-x
etex.def
File: microtype-xetex.def 2026/03/01 v3.2d Definitions specific to xetex (RS)
LaTeX Info: Redefining \lsstyle on input line 443.
LaTeX Info: Redefining \lslig on input line 451.
\MT@outer@space=\skip54
)
Package microtype Info: Loading configuration file microtype.cfg.

(C:\Users\usuario\AppData\Local\Programs\MiKTeX\tex/latex/microtype\microtype.c
fg
File: microtype.cfg 2026/03/01 v3.2d microtype main configuration file (RS)
)
LaTeX Info: Redefining \microtypesetup on input line 3065.
) (C:\Users\usuario\AppData\Local\Programs\MiKTeX\tex/latex/parskip\parskip.sty
Package: parskip 2021-03-14 v2.0h non-zero parskip adjustments

(C:\Users\usuario\AppData\Local\Programs\MiKTeX\tex/latex/kvoptions\kvoptions.s
ty
Package: kvoptions 2022-06-15 v3.15 Key value format for package options (HO)

(C:\Users\usuario\AppData\Local\Programs\MiKTeX\tex/generic/ltxcmds\ltxcmds.sty
Package: ltxcmds 2023-12-04 v1.26 LaTeX kernel commands for general use (HO)
)
(C:\Users\usuario\AppData\Local\Programs\MiKTeX\tex/latex/kvsetkeys\kvsetkeys.s
ty
Package: kvsetkeys 2022-10-05 v1.19 Key value parser (HO)
)))
(C:\Users\usuario\AppData\Local\Programs\MiKTeX\tex/latex/fancyvrb\fancyvrb.sty
Package: fancyvrb 2026/08/13 4.7 verbatim text (tvz,hv)
\FV@CodeLineNo=\count312
\FV@InFile=\read2
\FV@TabBox=\box56
\c@FancyVerbLine=\count313
\FV@StepNumber=\count314
\FV@OutFile=\write3
) (C:\Users\usuario\AppData\Local\Programs\MiKTeX\tex/latex/framed\framed.sty
Package: framed 2011/10/22 v 0.96: framed or shaded text with page breaks
\OuterFrameSep=\skip55
\fb@frw=\dimen162
\fb@frh=\dimen163
\FrameRule=\dimen164
\FrameSep=\dimen165
) (C:\Users\usuario\AppData\Local\Programs\MiKTeX\tex/latex/tools\longtable.sty
Package: longtable 2025-10-13 v4.24 Multi-page Table package (DPC)
\LTleft=\skip56
\LTright=\skip57
\LTpre=\skip58
\LTpost=\skip59
\LTchunksize=\count315
\LTcapwidth=\dimen166
\LT@head=\box57
\LT@firsthead=\box58
\LT@foot=\box59
\LT@lastfoot=\box60
\LT@gbox=\box61
\LT@cols=\count316
\LT@rows=\count317
\c@LT@tables=\count318
\c@LT@chunks=\count319
\LT@p@ftn=\toks25
)
(C:\Users\usuario\AppData\Local\Programs\MiKTeX\tex/latex/booktabs\booktabs.sty
Package: booktabs 2020/01/12 v1.61803398 Publication quality tables
\heavyrulewidth=\dimen167
\lightrulewidth=\dimen168
\cmidrulewidth=\dimen169
\belowrulesep=\dimen170
\belowbottomsep=\dimen171
\aboverulesep=\dimen172
\abovetopsep=\dimen173
\cmidrulesep=\dimen174
\cmidrulekern=\dimen175
\defaultaddspace=\dimen176
\@cmidla=\count320
\@cmidlb=\count321
\@aboverulesep=\dimen177
\@belowrulesep=\dimen178
\@thisruleclass=\count322
\@lastruleclass=\count323
\@thisrulewidth=\dimen179
) (C:\Users\usuario\AppData\Local\Programs\MiKTeX\tex/latex/tools\array.sty
Package: array 2025/09/25 v2.6n Tabular extension package (FMi)
\col@sep=\dimen180
\ar@mcellbox=\box62
\extrarowheight=\dimen181
\NC@list=\toks26
\extratabsurround=\skip60
\backup@length=\skip61
\ar@cellbox=\box63
)
\c@none=\count324
(C:\Users\usuario\AppData\Local\Programs\MiKTeX\tex/latex/tools\calc.sty
Package: calc 2025/03/01 v4.3b Infix arithmetic (KKT,FJ)
\calc@Acount=\count325
\calc@Bcount=\count326
\calc@Adimen=\dimen182
\calc@Bdimen=\dimen183
\calc@Askip=\skip62
\calc@Bskip=\skip63
LaTeX Info: Redefining \setlength on input line 86.
LaTeX Info: Redefining \addtolength on input line 87.
\calc@Ccount=\count327
\calc@Cskip=\skip64
)
(C:\Users\usuario\AppData\Local\Programs\MiKTeX\tex/latex/footnotehyper\footnot
ehyper.sty
Package: footnotehyper 2025/11/15 v1.1f hyperref aware footnote.sty (JFB)
\FNH@notes=\box64
\FNH@width=\dimen184
\FNH@toks=\toks27
)
(C:\Users\usuario\AppData\Local\Programs\MiKTeX\tex/latex/graphics\graphicx.sty
Package: graphicx 2024/12/31 v1.2e Enhanced LaTeX Graphics (DPC,SPQR)

(C:\Users\usuario\AppData\Local\Programs\MiKTeX\tex/latex/graphics\graphics.sty
Package: graphics 2024/08/06 v1.4g Standard LaTeX Graphics (DPC,SPQR)
(C:\Users\usuario\AppData\Local\Programs\MiKTeX\tex/latex/graphics\trig.sty
Package: trig 2023/12/02 v1.11 sin cos tan (DPC)
)
(C:\Users\usuario\AppData\Local\Programs\MiKTeX\tex/latex/graphics-cfg\graphics
.cfg
File: graphics.cfg 2016/06/04 v1.11 sample graphics configuration
)
Package graphics Info: Driver file: xetex.def on input line 106.
)
\Gin@req@height=\dimen185
\Gin@req@width=\dimen186
)
\pandoc@box=\box65
(C:\Users\usuario\AppData\Local\Programs\MiKTeX\tex/latex/natbib\natbib.sty
Package: natbib 2010/09/13 8.31b (PWD, AO)
\bibhang=\skip65
\bibsep=\skip66
LaTeX Info: Redefining \cite on input line 694.
\c@NAT@ctr=\count328
) (C:\Users\usuario\AppData\Local\Programs\MiKTeX\tex/latex/amscls\amsthm.sty
Package: amsthm 2020/05/29 v2.20.6
\thm@style=\toks28
\thm@bodyfont=\toks29
\thm@headfont=\toks30
\thm@notefont=\toks31
\thm@headpunct=\toks32
\thm@preskip=\skip67
\thm@postskip=\skip68
\thm@headsep=\skip69
\dth@everypar=\toks33
)
(C:\Users\usuario\AppData\Local\Programs\MiKTeX\tex/latex/multirow\multirow.sty
Package: multirow 2024/11/12 v2.9 Span multiple rows of a table
\multirow@colwidth=\skip70
\multirow@cntb=\count329
\multirow@dima=\skip71
\bigstrutjot=\dimen187
) (C:\Users\usuario\AppData\Local\Programs\MiKTeX\tex/latex/wrapfig\wrapfig.sty
\wrapoverhang=\dimen188
\WF@size=\dimen189
\c@WF@wrappedlines=\count330
\WF@box=\box66
\WF@everypar=\toks34
Package: wrapfig 2003/01/31  v 3.6
) (C:\Users\usuario\AppData\Local\Programs\MiKTeX\tex/latex/float\float.sty
Package: float 2001/11/08 v1.3d Float enhancements (AL)
\c@float@type=\count331
\float@exts=\toks35
\float@box=\box67
\@float@everytoks=\toks36
\@floatcapt=\box68
)
(C:\Users\usuario\AppData\Local\Programs\MiKTeX\tex/latex/colortbl\colortbl.sty
Package: colortbl 2026/05/01 v1.0l Color table columns (DPC)
\everycr=\toks37
\minrowclearance=\skip72
\rownum=\count332
)
(C:\Users\usuario\AppData\Local\Programs\MiKTeX\tex/latex/pdflscape\pdflscape.s
ty
Package: pdflscape 2022-10-27 v0.13 Display of landscape pages in PDF

(C:\Users\usuario\AppData\Local\Programs\MiKTeX\tex/latex/pdflscape\pdflscape-n
ometadata.sty
Package: pdflscape-nometadata 2022-10-28 v0.13 Display of landscape pages in PD
F (HO)
(C:\Users\usuario\AppData\Local\Programs\MiKTeX\tex/latex/graphics\lscape.sty
Package: lscape 2020/05/28 v3.02 Landscape Pages (DPC)
)
Package pdflscape Info: Auto-detected driver: dvipdfm (xetex) on input line 98.

)) (C:\Users\usuario\AppData\Local\Programs\MiKTeX\tex/latex/tools\tabularx.sty
Package: tabularx 2023/12/11 v2.12a `tabularx' package (DPC)
\TX@col@width=\dimen190
\TX@old@table=\dimen191
\TX@old@col=\dimen192
\TX@target=\dimen193
\TX@delta=\dimen194
\TX@cols=\count333
\TX@ftn=\toks38
)
(C:\Users\usuario\AppData\Local\Programs\MiKTeX\tex/latex/xltabular\xltabular.s
ty
Package: xltabular 2025/02/28 v0.2i `xltabular' package (hv,RN)
(C:\Users\usuario\AppData\Local\Programs\MiKTeX\tex/latex/ltablex\ltablex.sty
Package: ltablex 2014/08/13 v1.1 Modified tabularx
))
(C:\Users\usuario\AppData\Local\Programs\MiKTeX\tex/latex/threeparttable\threep
arttable.sty
Package: threeparttable 2003/06/13  v 3.0
\@tempboxb=\box69
)
(C:\Users\usuario\AppData\Local\Programs\MiKTeX\tex/latex/threeparttablex\three
parttablex.sty
Package: threeparttablex 2013/07/23 v0.3 by daleif
(C:\Users\usuario\AppData\Local\Programs\MiKTeX\tex/latex/environ\environ.sty
Package: environ 2014/05/04 v0.3 A new way to define environments

(C:\Users\usuario\AppData\Local\Programs\MiKTeX\tex/latex/trimspaces\trimspaces
.sty
Package: trimspaces 2009/09/17 v1.1 Trim spaces around a token list
))
\TPTL@width=\skip73
) (C:\Users\usuario\AppData\Local\Programs\MiKTeX\tex/latex/ulem\ulem.sty
\UL@box=\box70
\UL@hyphenbox=\box71
\UL@skip=\skip74
\UL@hook=\toks39
\UL@height=\dimen195
\UL@pe=\count334
\UL@pixel=\dimen196
\ULC@box=\box72
Package: ulem 2019/11/18
\ULdepth=\dimen197
)
(C:\Users\usuario\AppData\Local\Programs\MiKTeX\tex/latex/makecell\makecell.sty
Package: makecell 2009/08/03 V0.1e Managing of Tab Column Heads and Cells
\rotheadsize=\dimen198
\c@nlinenum=\count335
\TeXr@lab=\toks40
)
(C:\Users\usuario\AppData\Local\Programs\MiKTeX\tex/latex/bookmark\bookmark.sty
Package: bookmark 2026-05-21 v1.32 PDF bookmarks (HO)

(C:\Users\usuario\AppData\Local\Programs\MiKTeX\tex/latex/hyperref\hyperref.sty
Package: hyperref 2025-07-12 v7.01o Hypertext links for LaTeX

(C:\Users\usuario\AppData\Local\Programs\MiKTeX\tex/generic/kvdefinekeys\kvdefi
nekeys.sty
Package: kvdefinekeys 2019-12-19 v1.6 Define keys (HO)
)
(C:\Users\usuario\AppData\Local\Programs\MiKTeX\tex/generic/pdfescape\pdfescape
.sty
Package: pdfescape 2019/12/09 v1.15 Implements pdfTeX's escape features (HO)

(C:\Users\usuario\AppData\Local\Programs\MiKTeX\tex/generic/pdftexcmds\pdftexcm
ds.sty
Package: pdftexcmds 2020-06-27 v0.33 Utility functions of pdfTeX for LuaTeX (HO
)

(C:\Users\usuario\AppData\Local\Programs\MiKTeX\tex/generic/infwarerr\infwarerr
.sty
Package: infwarerr 2019/12/03 v1.5 Providing info/warning/error messages (HO)
)
Package pdftexcmds Info: \pdf@primitive is available.
Package pdftexcmds Info: \pdf@ifprimitive is available.
Package pdftexcmds Info: \pdfdraftmode not found.
)) (C:\Users\usuario\AppData\Local\Programs\MiKTeX\tex/latex/hycolor\hycolor.st
y
Package: hycolor 2020-01-27 v1.10 Color options for hyperref/bookmark (HO)
) (C:\Users\usuario\AppData\Local\Programs\MiKTeX\tex/latex/hyperref\nameref.st
y
Package: nameref 2025-06-21 v2.57 Cross-referencing by name of section

(C:\Users\usuario\AppData\Local\Programs\MiKTeX\tex/latex/refcount\refcount.sty
Package: refcount 2019/12/15 v3.6 Data extraction from label references (HO)
)
(C:\Users\usuario\AppData\Local\Programs\MiKTeX\tex/generic/gettitlestring\gett
itlestring.sty
Package: gettitlestring 2019/12/15 v1.6 Cleanup title references (HO)
)
\c@section@level=\count336
)
(C:\Users\usuario\AppData\Local\Programs\MiKTeX\tex/generic/stringenc\stringenc
.sty
Package: stringenc 2019/11/29 v1.12 Convert strings between diff. encodings (HO
)
)
\@linkdim=\dimen199
\Hy@linkcounter=\count337
\Hy@pagecounter=\count338
(C:\Users\usuario\AppData\Local\Programs\MiKTeX\tex/latex/hyperref\pd1enc.def
File: pd1enc.def 2025-07-12 v7.01o Hyperref: PDFDocEncoding definition (HO)
)
(C:\Users\usuario\AppData\Local\Programs\MiKTeX\tex/generic/intcalc\intcalc.sty
Package: intcalc 2019/12/15 v1.3 Expandable calculations with integers (HO)
)
\Hy@SavedSpaceFactor=\count339
(C:\Users\usuario\AppData\Local\Programs\MiKTeX\tex/latex/hyperref\puenc.def
File: puenc.def 2025-07-12 v7.01o Hyperref: PDF Unicode definition (HO)
)
Package hyperref Info: Option `unicode' set `true' on input line 4066.
Package hyperref Info: Hyper figures OFF on input line 4195.
Package hyperref Info: Link nesting OFF on input line 4200.
Package hyperref Info: Hyper index ON on input line 4203.
Package hyperref Info: Plain pages OFF on input line 4210.
Package hyperref Info: Backreferencing OFF on input line 4215.
Package hyperref Info: Implicit mode ON; LaTeX internals redefined.
Package hyperref Info: Bookmarks ON on input line 4462.
\c@Hy@tempcnt=\count340
(C:\Users\usuario\AppData\Local\Programs\MiKTeX\tex/latex/url\url.sty
\Urlmuskip=\muskip19
Package: url 2013/09/16  ver 3.4  Verb mode for urls, etc.
)
LaTeX Info: Redefining \url on input line 4801.
\XeTeXLinkMargin=\dimen256
(C:\Users\usuario\AppData\Local\Programs\MiKTeX\tex/generic/bitset\bitset.sty
Package: bitset 2019/12/09 v1.3 Handle bit-vector datatype (HO)

(C:\Users\usuario\AppData\Local\Programs\MiKTeX\tex/generic/bigintcalc\bigintca
lc.sty
Package: bigintcalc 2019/12/15 v1.5 Expandable calculations on big integers (HO
)
))
\Fld@menulength=\count341
\Field@Width=\dimen257
\Fld@charsize=\dimen258
Package hyperref Info: Hyper figures OFF on input line 6078.
Package hyperref Info: Link nesting OFF on input line 6083.
Package hyperref Info: Hyper index ON on input line 6086.
Package hyperref Info: backreferencing OFF on input line 6093.
Package hyperref Info: Link coloring OFF on input line 6098.
Package hyperref Info: Link coloring with OCG OFF on input line 6103.
Package hyperref Info: PDF/A mode OFF on input line 6108.
\Hy@abspage=\count342
\c@Item=\count343
\c@Hfootnote=\count344
)
Package hyperref Info: Driver (autodetected): hxetex.
(C:\Users\usuario\AppData\Local\Programs\MiKTeX\tex/latex/hyperref\hxetex.def
File: hxetex.def 2025-07-12 v7.01o Hyperref driver for XeTeX
\pdfm@box=\box73
\c@Hy@AnnotLevel=\count345
\HyField@AnnotCount=\count346
\Fld@listcount=\count347
\c@bookmark@seq@number=\count348

(C:\Users\usuario\AppData\Local\Programs\MiKTeX\tex/latex/rerunfilecheck\rerunf
ilecheck.sty
Package: rerunfilecheck 2025-06-21 v1.11 Rerun checks for auxiliary files (HO)

(C:\Users\usuario\AppData\Local\Programs\MiKTeX\tex/generic/uniquecounter\uniqu
ecounter.sty
Package: uniquecounter 2019/12/15 v1.4 Provide unlimited unique counter (HO)
)
Package uniquecounter Info: New unique counter `rerunfilecheck' on input line 2
84.
)
\Hy@SectionHShift=\skip75
)
(C:\Users\usuario\AppData\Local\Programs\MiKTeX\tex/latex/bookmark\bkm-xetex.de
f
File: bkm-xetex.def 2026-05-21 v1.32 bookmark driver for xetex (HO)
\BKM@id=\count349
)) (C:\Users\usuario\AppData\Local\Programs\MiKTeX\tex/latex/xurl\xurl.sty
Package: xurl 2022/01/09 v 0.10 modify URL breaks
)
No file bookdown-demo.aux.
\openout1 = `bookdown-demo.aux'.

LaTeX Font Info:    Checking defaults for OML/cmm/m/it on input line 146.
LaTeX Font Info:    ... okay on input line 146.
LaTeX Font Info:    Checking defaults for OMS/cmsy/m/n on input line 146.
LaTeX Font Info:    ... okay on input line 146.
LaTeX Font Info:    Checking defaults for OT1/cmr/m/n on input line 146.
LaTeX Font Info:    ... okay on input line 146.
LaTeX Font Info:    Checking defaults for T1/cmr/m/n on input line 146.
LaTeX Font Info:    ... okay on input line 146.
LaTeX Font Info:    Checking defaults for TS1/cmr/m/n on input line 146.
LaTeX Font Info:    ... okay on input line 146.
LaTeX Font Info:    Checking defaults for TU/lmr/m/n on input line 146.
LaTeX Font Info:    ... okay on input line 146.
LaTeX Font Info:    Checking defaults for OMX/cmex/m/n on input line 146.
LaTeX Font Info:    ... okay on input line 146.
LaTeX Font Info:    Checking defaults for U/cmr/m/n on input line 146.
LaTeX Font Info:    ... okay on input line 146.
LaTeX Font Info:    Checking defaults for PD1/pdf/m/n on input line 146.
LaTeX Font Info:    ... okay on input line 146.
LaTeX Font Info:    Checking defaults for PU/pdf/m/n on input line 146.
LaTeX Font Info:    ... okay on input line 146.
LaTeX Font Info:    Overwriting math alphabet `\mathrm' in version `normal'
(Font)                  OT1/lmr/m/n --> TU/lmr/m/n on input line 146.
LaTeX Font Info:    Overwriting math alphabet `\mathit' in version `normal'
(Font)                  OT1/lmr/m/it --> TU/lmr/m/it on input line 146.
LaTeX Font Info:    Overwriting math alphabet `\mathbf' in version `normal'
(Font)                  OT1/lmr/bx/n --> TU/lmr/bx/n on input line 146.
LaTeX Font Info:    Overwriting math alphabet `\mathsf' in version `normal'
(Font)                  OT1/lmss/m/n --> TU/lmss/m/n on input line 146.
LaTeX Font Info:    Overwriting math alphabet `\mathsf' in version `bold'
(Font)                  OT1/lmss/bx/n --> TU/lmss/bx/n on input line 146.
LaTeX Font Info:    Overwriting math alphabet `\mathtt' in version `normal'
(Font)                  OT1/lmtt/m/n --> TU/lmtt/m/n on input line 146.
LaTeX Font Info:    Overwriting math alphabet `\mathtt' in version `bold'
(Font)                  OT1/lmtt/m/n --> TU/lmtt/bx/n on input line 146.

Package fontspec Info: 
(fontspec)             latinmodern-math scale = 0.9999964596882403.


Package fontspec Info: 
(fontspec)             latinmodern-math scale = 0.9999964596882403.


Package fontspec Info: 
(fontspec)             latinmodern-math scale = 0.9999964596882403.


Package fontspec Info: 
(fontspec)             Font family 'latinmodern-math.otf(0)' created for font
(fontspec)             'latinmodern-math.otf' with options
(fontspec)             [Scale=MatchLowercase,BoldItalicFont={},ItalicFont={},Sm
allCapsFont={},Script=Math,BoldFont={latinmodern-math.otf}].
(fontspec)              
(fontspec)              This font family consists of the following NFSS
(fontspec)             series/shapes:
(fontspec)              
(fontspec)             - 'normal' (m/n) with NFSS spec.:
(fontspec)             <->s*[0.9999964596882403]"[latinmodern-math.otf]/OT:scri
pt=math;language=dflt;"
(fontspec)             - 'bold' (b/n) with NFSS spec.:
(fontspec)             <->s*[0.9999964596882403]"[latinmodern-math.otf]/OT:scri
pt=math;language=dflt;"

LaTeX Font Info:    Font shape `TU/latinmodern-math.otf(0)/m/n' will be
(Font)              scaled to size 10.0pt on input line 146.

Package fontspec Info: 
(fontspec)             latinmodern-math scale = 0.9999964596882403.


Package fontspec Info: 
(fontspec)             latinmodern-math scale = 0.9999964596882403.


Package fontspec Info: 
(fontspec)             latinmodern-math scale = 0.9999964596882403.


Package fontspec Info: 
(fontspec)             latinmodern-math scale = 0.9999964596882403.


Package fontspec Info: 
(fontspec)             latinmodern-math scale = 0.9999964596882403.


Package fontspec Info: 
(fontspec)             Font family 'latinmodern-math.otf(1)' created for font
(fontspec)             'latinmodern-math.otf' with options
(fontspec)             [Scale=MatchLowercase,BoldItalicFont={},ItalicFont={},Sm
allCapsFont={},Script=Math,SizeFeatures={{Size=8.5-},{Size=6-8.5,Font=latinmode
rn-math.otf,Style=MathScript},{Size=-6,Font=latinmodern-math.otf,Style=MathScri
ptScript}},BoldFont={latinmodern-math.otf}].
(fontspec)              
(fontspec)              This font family consists of the following NFSS
(fontspec)             series/shapes:
(fontspec)              
(fontspec)             - 'normal' (m/n) with NFSS spec.:
(fontspec)             <8.5->s*[0.9999964596882403]"[latinmodern-math.otf]/OT:s
cript=math;language=dflt;"<6-8.5>s*[0.9999964596882403]"[latinmodern-math.otf]/
OT:script=math;language=dflt;+ssty=0;"<-6>s*[0.9999964596882403]"[latinmodern-m
ath.otf]/OT:script=math;language=dflt;+ssty=1;"
(fontspec)             - 'bold' (b/n) with NFSS spec.:
(fontspec)             <->s*[0.9999964596882403]"[latinmodern-math.otf]/OT:scri
pt=math;language=dflt;"

LaTeX Font Info:    Font shape `TU/latinmodern-math.otf(1)/m/n' will be
(Font)              scaled to size 10.0pt on input line 146.
LaTeX Font Info:    Encoding `OT1' has changed to `TU' for symbol font
(Font)              `operators' in the math version `normal' on input line 146.

LaTeX Font Info:    Overwriting symbol font `operators' in version `normal'
(Font)                  OT1/lmr/m/n --> TU/latinmodern-math.otf(1)/m/n on input
 line 146.
LaTeX Font Info:    Encoding `OT1' has changed to `TU' for symbol font
(Font)              `operators' in the math version `bold' on input line 146.
LaTeX Font Info:    Overwriting symbol font `operators' in version `bold'
(Font)                  OT1/lmr/bx/n --> TU/latinmodern-math.otf(1)/b/n on inpu
t line 146.

Package fontspec Info: 
(fontspec)             latinmodern-math scale = 0.9999964596882403.


Package fontspec Info: 
(fontspec)             latinmodern-math scale = 1.000096459334209.


Package fontspec Info: 
(fontspec)             latinmodern-math scale = 0.9999964596882403.


Package fontspec Info: 
(fontspec)             latinmodern-math scale = 1.000096459334209.


Package fontspec Info: 
(fontspec)             latinmodern-math scale = 0.9999964596882403.


Package fontspec Info: 
(fontspec)             latinmodern-math scale = 1.000096459334209.


Package fontspec Info: 
(fontspec)             latinmodern-math scale = 0.9999964596882403.


Package fontspec Info: 
(fontspec)             latinmodern-math scale = 1.000096459334209.


Package fontspec Info: 
(fontspec)             latinmodern-math scale = 0.9999964596882403.


Package fontspec Info: 
(fontspec)             latinmodern-math scale = 1.000096459334209.


Package fontspec Info: 
(fontspec)             Font family 'latinmodern-math.otf(2)' created for font
(fontspec)             'latinmodern-math.otf' with options
(fontspec)             [Scale=MatchLowercase,BoldItalicFont={},ItalicFont={},Sm
allCapsFont={},Script=Math,SizeFeatures={{Size=8.5-},{Size=6-8.5,Font=latinmode
rn-math.otf,Style=MathScript},{Size=-6,Font=latinmodern-math.otf,Style=MathScri
ptScript}},BoldFont={latinmodern-math.otf},ScaleAgain=1.0001,FontAdjustment={\f
ontdimen
(fontspec)             8\font =6.77pt\relax \fontdimen 9\font =3.94pt\relax
(fontspec)             \fontdimen 10\font =4.44pt\relax \fontdimen 11\font
(fontspec)             =6.86pt\relax \fontdimen 12\font =3.45pt\relax
(fontspec)             \fontdimen 13\font =3.63pt\relax \fontdimen 14\font
(fontspec)             =3.63pt\relax \fontdimen 15\font =2.89pt\relax
(fontspec)             \fontdimen 16\font =2.47pt\relax \fontdimen 17\font
(fontspec)             =2.47pt\relax \fontdimen 18\font =2.5pt\relax
(fontspec)             \fontdimen 19\font =2.0pt\relax \fontdimen 22\font
(fontspec)             =2.5pt\relax \fontdimen 20\font =0pt\relax \fontdimen
(fontspec)             21\font =0pt\relax }].
(fontspec)              
(fontspec)              This font family consists of the following NFSS
(fontspec)             series/shapes:
(fontspec)              
(fontspec)             - 'normal' (m/n) with NFSS spec.:
(fontspec)             <8.5->s*[1.000096459334209]"[latinmodern-math.otf]/OT:sc
ript=math;language=dflt;"<6-8.5>s*[1.000096459334209]"[latinmodern-math.otf]/OT
:script=math;language=dflt;+ssty=0;"<-6>s*[1.000096459334209]"[latinmodern-math
.otf]/OT:script=math;language=dflt;+ssty=1;"
(fontspec)             - 'bold' (b/n) with NFSS spec.:
(fontspec)             <->s*[1.000096459334209]"[latinmodern-math.otf]/OT:scrip
t=math;language=dflt;"

LaTeX Font Info:    Encoding `OMS' has changed to `TU' for symbol font
(Font)              `symbols' in the math version `normal' on input line 146.
LaTeX Font Info:    Overwriting symbol font `symbols' in version `normal'
(Font)                  OMS/lmsy/m/n --> TU/latinmodern-math.otf(2)/m/n on inpu
t line 146.
LaTeX Font Info:    Encoding `OMS' has changed to `TU' for symbol font
(Font)              `symbols' in the math version `bold' on input line 146.
LaTeX Font Info:    Overwriting symbol font `symbols' in version `bold'
(Font)                  OMS/lmsy/b/n --> TU/latinmodern-math.otf(2)/b/n on inpu
t line 146.

Package fontspec Info: 
(fontspec)             latinmodern-math scale = 0.9999964596882403.


Package fontspec Info: 
(fontspec)             latinmodern-math scale = 0.9998964600422715.


Package fontspec Info: 
(fontspec)             latinmodern-math scale = 0.9999964596882403.


Package fontspec Info: 
(fontspec)             latinmodern-math scale = 0.9998964600422715.


Package fontspec Info: 
(fontspec)             latinmodern-math scale = 0.9999964596882403.


Package fontspec Info: 
(fontspec)             latinmodern-math scale = 0.9998964600422715.


Package fontspec Info: 
(fontspec)             latinmodern-math scale = 0.9999964596882403.


Package fontspec Info: 
(fontspec)             latinmodern-math scale = 0.9998964600422715.


Package fontspec Info: 
(fontspec)             latinmodern-math scale = 0.9999964596882403.


Package fontspec Info: 
(fontspec)             latinmodern-math scale = 0.9998964600422715.


Package fontspec Info: 
(fontspec)             Font family 'latinmodern-math.otf(3)' created for font
(fontspec)             'latinmodern-math.otf' with options
(fontspec)             [Scale=MatchLowercase,BoldItalicFont={},ItalicFont={},Sm
allCapsFont={},Script=Math,SizeFeatures={{Size=8.5-},{Size=6-8.5,Font=latinmode
rn-math.otf,Style=MathScript},{Size=-6,Font=latinmodern-math.otf,Style=MathScri
ptScript}},BoldFont={latinmodern-math.otf},ScaleAgain=0.9999,FontAdjustment={\f
ontdimen
(fontspec)             8\font =0.4pt\relax \fontdimen 9\font =2.0pt\relax
(fontspec)             \fontdimen 10\font =1.67pt\relax \fontdimen 11\font
(fontspec)             =1.11pt\relax \fontdimen 12\font =6.0pt\relax
(fontspec)             \fontdimen 13\font =0pt\relax }].
(fontspec)              
(fontspec)              This font family consists of the following NFSS
(fontspec)             series/shapes:
(fontspec)              
(fontspec)             - 'normal' (m/n) with NFSS spec.:
(fontspec)             <8.5->s*[0.9998964600422715]"[latinmodern-math.otf]/OT:s
cript=math;language=dflt;"<6-8.5>s*[0.9998964600422715]"[latinmodern-math.otf]/
OT:script=math;language=dflt;+ssty=0;"<-6>s*[0.9998964600422715]"[latinmodern-m
ath.otf]/OT:script=math;language=dflt;+ssty=1;"
(fontspec)             - 'bold' (b/n) with NFSS spec.:
(fontspec)             <->s*[0.9998964600422715]"[latinmodern-math.otf]/OT:scri
pt=math;language=dflt;"

LaTeX Font Info:    Encoding `OMX' has changed to `TU' for symbol font
(Font)              `largesymbols' in the math version `normal' on input line 1
46.
LaTeX Font Info:    Overwriting symbol font `largesymbols' in version `normal'
(Font)                  OMX/lmex/m/n --> TU/latinmodern-math.otf(3)/m/n on inpu
t line 146.
LaTeX Font Info:    Encoding `OMX' has changed to `TU' for symbol font
(Font)              `largesymbols' in the math version `bold' on input line 146
.
LaTeX Font Info:    Overwriting symbol font `largesymbols' in version `bold'
(Font)                  OMX/lmex/m/n --> TU/latinmodern-math.otf(3)/b/n on inpu
t line 146.
LaTeX Info: Redefining \microtypecontext on input line 146.
Package microtype Info: Applying patch `item' on input line 146.
Package microtype Info: Applying patch `toc' on input line 146.
Package microtype Info: Applying patch `eqnum' on input line 146.
Package microtype Info: Applying patch `footnote' on input line 146.
Package microtype Info: Applying patch `verbatim' on input line 146.
LaTeX Info: Redefining \microtypesetup on input line 146.
Package microtype Info: Character protrusion enabled (level 2).
Package microtype Info: Using protrusion set `basicmath'.
Package microtype Info: No adjustment of tracking.
Package microtype Info: No adjustment of spacing.
Package microtype Info: No adjustment of kerning.

(C:\Users\usuario\AppData\Local\Programs\MiKTeX\tex/latex/microtype\mt-LatinMod
ernRoman.cfg
File: mt-LatinModernRoman.cfg 2026/02/26 v1.2 microtype config. file: Latin Mod
ern Roman (RS)
)
Package hyperref Info: Link coloring OFF on input line 146.

Package hyperref Warning: Rerun to get /PageLabels entry.

LaTeX Font Info:    Font shape `TU/latinmodern-math.otf(1)/m/n' will be
(Font)              scaled to size 12.0pt on input line 148.
LaTeX Font Info:    Font shape `TU/latinmodern-math.otf(1)/m/n' will be
(Font)              scaled to size 8.0pt on input line 148.
LaTeX Font Info:    Font shape `TU/latinmodern-math.otf(1)/m/n' will be
(Font)              scaled to size 6.0pt on input line 148.
LaTeX Font Info:    Trying to load font information for OML+lmm on input line 1
48.
(C:\Users\usuario\AppData\Local\Programs\MiKTeX\tex/latex/lm\omllmm.fd
File: omllmm.fd 2015/05/01 v1.6.1 Font defs for Latin Modern
)
LaTeX Font Info:    Font shape `TU/latinmodern-math.otf(2)/m/n' will be
(Font)              scaled to size 12.0011pt on input line 148.
LaTeX Font Info:    Font shape `TU/latinmodern-math.otf(2)/m/n' will be
(Font)              scaled to size 8.00073pt on input line 148.
LaTeX Font Info:    Font shape `TU/latinmodern-math.otf(2)/m/n' will be
(Font)              scaled to size 6.00055pt on input line 148.
LaTeX Font Info:    Font shape `TU/latinmodern-math.otf(3)/m/n' will be
(Font)              scaled to size 11.99872pt on input line 148.
LaTeX Font Info:    Font shape `TU/latinmodern-math.otf(3)/m/n' will be
(Font)              scaled to size 7.99915pt on input line 148.
LaTeX Font Info:    Font shape `TU/latinmodern-math.otf(3)/m/n' will be
(Font)              scaled to size 5.99936pt on input line 148.
LaTeX Font Info:    Trying to load font information for U+msa on input line 148
.
(C:\Users\usuario\AppData\Local\Programs\MiKTeX\tex/latex/amsfonts\umsa.fd
File: umsa.fd 2013/01/14 v3.01 AMS symbols A
) (C:\Users\usuario\AppData\Local\Programs\MiKTeX\tex/latex/microtype\mt-msa.cf
g
File: mt-msa.cfg 2006/02/04 v1.1 microtype config. file: AMS symbols (a) (RS)
)
LaTeX Font Info:    Trying to load font information for U+msb on input line 148
.
(C:\Users\usuario\AppData\Local\Programs\MiKTeX\tex/latex/amsfonts\umsb.fd
File: umsb.fd 2013/01/14 v3.01 AMS symbols B
) (C:\Users\usuario\AppData\Local\Programs\MiKTeX\tex/latex/microtype\mt-msb.cf
g
File: mt-msb.cfg 2005/06/01 v1.0 microtype config. file: AMS symbols (b) (RS)
) [1


] [2

]
No file bookdown-demo.toc.
\tf@toc=\write4
\openout4 = `bookdown-demo.toc'.

[3] [4

]
Chapter 1.
LaTeX Font Info:    Font shape `TU/lmtt/bx/n' in size <10> not available
(Font)              Font shape `TU/lmtt/b/n' tried instead on input line 157.

Overfull \hbox (111.75pt too wide) detected at line 168
[]\TU/lmtt/b/n/10 options[]\TU/lmtt/m/n/10 ([]scipen =[] []999[]) []\TU/lmtt/m/
it/10 #Nos permite observar mejor números muy grandes en los diagramas.[] 
 []


Overfull \hbox (27.75pt too wide) detected at line 186
  []\TU/lmtt/b/n/10 kable_styling[]\TU/lmtt/m/n/10 ([]bootstrap_options =[] []\
TU/lmtt/b/n/10 c[]\TU/lmtt/m/n/10 ([]"striped"[], []"hover"[], []"condensed"[])
, 
 []


Overfull \hbox (9.25665pt too wide) in paragraph at lines 220--220
 []|\TU/lmr/m/n/10 playerId|
 []


Overfull \hbox (21.59666pt too wide) in paragraph at lines 220--220
[]|\TU/lmr/m/n/10 Equipment|  
 []


Overfull \hbox (37.97665pt too wide) in paragraph at lines 220--220
 []|\TU/lmr/m/n/10 BodyweightKg|
 []


Overfull \hbox (31.08665pt too wide) in paragraph at lines 220--220
[]|\TU/lmr/m/n/10 BestSquatKg|  
 []


Overfull \hbox (40.94666pt too wide) in paragraph at lines 220--220
 []|\TU/lmr/m/n/10 BestDeadliftKg|
 []


Overfull \hbox (32.59666pt too wide) in paragraph at lines 220--220
 []|\TU/lmr/m/n/10 BestBenchKg|
 []


Overfull \hbox (1.52666pt too wide) in paragraph at lines 220--220
[]|\TU/lmr/m/n/10 Carlos 
 []


Overfull \hbox (1.53665pt too wide) in paragraph at lines 220--220
[]|\TU/lmr/m/n/10 Wraps|  
 []


Overfull \hbox (8.80666pt too wide) in paragraph at lines 220--220
\TU/lmr/m/n/10 Lehman|  
 []


Overfull \hbox (1.44666pt too wide) in paragraph at lines 220--220
 []|\TU/lmr/m/n/10 112.40|
 []


Overfull \hbox (10.41666pt too wide) in paragraph at lines 220--220
[]|\TU/lmr/m/n/10 Brittany 
 []


Overfull \hbox (16.10666pt too wide) in paragraph at lines 220--220
\TU/lmr/m/n/10 Jankovski|  
 []


Overfull \hbox (1.53665pt too wide) in paragraph at lines 220--220
[]|\TU/lmr/m/n/10 Wraps|  
 []


Overfull \hbox (1.44666pt too wide) in paragraph at lines 220--220
 []|\TU/lmr/m/n/10 113.50|
 []


Overfull \hbox (9.22665pt too wide) in paragraph at lines 220--220
[]|\TU/lmr/m/n/10 Mitchell 
 []


Overfull \hbox (1.44666pt too wide) in paragraph at lines 220--220
 []|\TU/lmr/m/n/10 100.00|
 []


Overfull \hbox (2.28665pt too wide) in paragraph at lines 220--220
[]|\TU/lmr/m/n/10 Sakiko 
 []


Overfull \hbox (1.44666pt too wide) in paragraph at lines 220--220
[]|\TU/lmr/m/n/10 Single- 
 []


Underfull \vbox (badness 2119) has occurred while \output is active []

[5] [6]
Overfull \hbox (127.5pt too wide) in paragraph at lines 242--242
[]\TU/lmtt/m/n/10 ##  $ Name          : chr  "Carlos Ceron" "Tito Herrera" "Lev
i Lehman" "Stacy Hayford" ...[] 
 []


Overfull \hbox (1.5pt too wide) in paragraph at lines 242--242
[]\TU/lmtt/m/n/10 ##  $ Age           : num  23 23 26 35 26.5 23 22.5 24 19.5 5
4 ...[] 
 []


Overfull \hbox (38.25pt too wide) in paragraph at lines 263--263
[]\TU/lmtt/m/n/10 ## i In argument: []is.na(as.numeric(BestSquatKg)) & !is.na(B
estSquatKg)[].[] 
 []

[7]
Overfull \hbox (96.0pt too wide) detected at line 322
    []\TU/lmtt/m/n/10 BestSquatKg =[] []\TU/lmtt/b/n/10 str_replace[]\TU/lmtt/m
/n/10 (BestSquatKg, []"[][]\TU/lmtt/b/n/10 \\[][]\TU/lmtt/m/n/10 .[][]\TU/lmtt/
b/n/10 \\[][]\TU/lmtt/m/n/10 ."[], []"."[]),  []\TU/lmtt/m/it/10 # corrige el d
oble punto[] 
 []


Overfull \hbox (169.5pt too wide) detected at line 327
  []\TU/lmtt/b/n/10 mutate[]\TU/lmtt/m/n/10 ([]BestSquatKg =[] []\TU/lmtt/b/n/1
0 ifelse[]\TU/lmtt/m/n/10 (BestSquatKg []\TU/lmtt/b/n/10 <[] []\TU/lmtt/m/n/10 
0[], []NA[], BestSquatKg)) []\TU/lmtt/m/it/10 #eliminamos los valores negativos
[] 
 []

[8]
Overfull \hbox (127.5pt too wide) in paragraph at lines 344--344
[]\TU/lmtt/m/n/10 ##  $ Name          : chr  "Carlos Ceron" "Tito Herrera" "Lev
i Lehman" "Stacy Hayford" ...[] 
 []


Overfull \hbox (1.5pt too wide) in paragraph at lines 344--344
[]\TU/lmtt/m/n/10 ##  $ Age           : num  23 23 26 35 26.5 23 22.5 24 19.5 5
4 ...[] 
 []


Overfull \hbox (38.25pt too wide) detected at line 378
  []\TU/lmtt/b/n/10 summarise[]\TU/lmtt/m/n/10 ([]\TU/lmtt/b/n/10 across[]\TU/l
mtt/m/n/10 ([]\TU/lmtt/b/n/10 everything[]\TU/lmtt/m/n/10 (), []\TU/lmtt/b/n/10
 ~[] []sum[]\TU/lmtt/m/n/10 ([]\TU/lmtt/b/n/10 is.na[]\TU/lmtt/m/n/10 (.)),[].n
ames=[][]"NA_{.col}"[])) []\TU/lmtt/b/n/10 %>%[] 
 []


Overfull \hbox (27.75pt too wide) detected at line 380
  []\TU/lmtt/b/n/10 kable_styling[]\TU/lmtt/m/n/10 ([]bootstrap_options =[] []\
TU/lmtt/b/n/10 c[]\TU/lmtt/m/n/10 ([]"striped"[], []"hover"[], []"condensed"[])
, 
 []


Overfull \hbox (31.75665pt too wide) in paragraph at lines 396--396
 []|\TU/lmr/m/n/10 NA_playerId|
 []


Overfull \hbox (21.43666pt too wide) in paragraph at lines 396--396
 []|\TU/lmr/m/n/10 NA_Name|
 []


Overfull \hbox (11.44666pt too wide) in paragraph at lines 396--396
 []|\TU/lmr/m/n/10 NA_Sex|
 []


Overfull \hbox (44.09666pt too wide) in paragraph at lines 396--396
 []|\TU/lmr/m/n/10 NA_Equipment|
 []


Overfull \hbox (13.10666pt too wide) in paragraph at lines 396--396
 []|\TU/lmr/m/n/10 NA_Age|
 []


Overfull \hbox (60.47665pt too wide) in paragraph at lines 396--396
 []|\TU/lmr/m/n/10 NA_BodyweightKg|
 []


Overfull \hbox (53.58665pt too wide) in paragraph at lines 396--396
 []|\TU/lmr/m/n/10 NA_BestSquatKg|
 []


Overfull \hbox (63.44666pt too wide) in paragraph at lines 396--396
 []|\TU/lmr/m/n/10 NA_BestDeadliftKg|
 []


Overfull \hbox (55.09666pt too wide) in paragraph at lines 396--396
 []|\TU/lmr/m/n/10 NA_BestBenchKg|
 []


Underfull \vbox (badness 1931) has occurred while \output is active []


Overfull \hbox (147.72014pt too wide) has occurred while \output is active
\TU/lmr/m/sl/10 1.5.  VERIFICAMOS SI LOS NIVELES DE LAS VARIABLES CUALITATIVAS 
TIENEN INCONSISTENCIAS \TU/lmr/m/n/10 9
 []

[9]
File: bookdown-demo_files/bookdown-demo_files/figure-latex/otra forma-1.pdf Gra
phic file (type pdf)
<use bookdown-demo_files/bookdown-demo_files/figure-latex/otra forma-1.pdf>

Overfull \hbox (159.04pt too wide) detected at line 416
    []\TU/lmtt/b/n/10 ~[] []ifelse[]\TU/lmtt/m/n/10 ([]\TU/lmtt/b/n/10 is.na[]\
TU/lmtt/m/n/10 (.),[]\TU/lmtt/b/n/10 mean[]\TU/lmtt/m/n/10 (.,[]na.rm=[][]TRUE[
]), .) []\TU/lmtt/m/it/10 #si hay un na, reemplazar, si no, dejar la variable[]
 
 []


Overfull \hbox (38.25pt too wide) detected at line 426
  []\TU/lmtt/b/n/10 summarise[]\TU/lmtt/m/n/10 ([]\TU/lmtt/b/n/10 across[]\TU/l
mtt/m/n/10 ([]\TU/lmtt/b/n/10 everything[]\TU/lmtt/m/n/10 (), []\TU/lmtt/b/n/10
 ~[] []sum[]\TU/lmtt/m/n/10 ([]\TU/lmtt/b/n/10 is.na[]\TU/lmtt/m/n/10 (.)),[].n
ames=[][]"NA_{.col}"[])) []\TU/lmtt/b/n/10 %>%[] 
 []


Overfull \hbox (27.75pt too wide) detected at line 428
  []\TU/lmtt/b/n/10 kable_styling[]\TU/lmtt/m/n/10 ([]bootstrap_options =[] []\
TU/lmtt/b/n/10 c[]\TU/lmtt/m/n/10 ([]"striped"[], []"hover"[], []"condensed"[])
, 
 []


Overfull \hbox (31.75665pt too wide) in paragraph at lines 444--444
 []|\TU/lmr/m/n/10 NA_playerId|
 []


Overfull \hbox (21.43666pt too wide) in paragraph at lines 444--444
 []|\TU/lmr/m/n/10 NA_Name|
 []


Overfull \hbox (11.44666pt too wide) in paragraph at lines 444--444
 []|\TU/lmr/m/n/10 NA_Sex|
 []


Overfull \hbox (44.09666pt too wide) in paragraph at lines 444--444
 []|\TU/lmr/m/n/10 NA_Equipment|
 []


Overfull \hbox (13.10666pt too wide) in paragraph at lines 444--444
 []|\TU/lmr/m/n/10 NA_Age|
 []


Overfull \hbox (60.47665pt too wide) in paragraph at lines 444--444
 []|\TU/lmr/m/n/10 NA_BodyweightKg|
 []


Overfull \hbox (53.58665pt too wide) in paragraph at lines 444--444
 []|\TU/lmr/m/n/10 NA_BestSquatKg|
 []


Overfull \hbox (63.44666pt too wide) in paragraph at lines 444--444
 []|\TU/lmr/m/n/10 NA_BestDeadliftKg|
 []


Overfull \hbox (55.09666pt too wide) in paragraph at lines 444--444
 []|\TU/lmr/m/n/10 NA_BestBenchKg|
 []

[10] [11] [12

]
Chapter 2.

Overfull \hbox (27.75pt too wide) detected at line 473
  []\TU/lmtt/b/n/10 kable_styling[]\TU/lmtt/m/n/10 ([]bootstrap_options =[] []\
TU/lmtt/b/n/10 c[]\TU/lmtt/m/n/10 ([]"striped"[], []"hover"[], []"condensed"[])
, 
 []


Overfull \hbox (7.58635pt too wide) in paragraph at lines 489--489
 []|\TU/lmr/m/n/10 Media|
 []


Overfull \hbox (18.14635pt too wide) in paragraph at lines 489--489
 []|\TU/lmr/m/n/10 Mediana|
 []


Overfull \hbox (14.25635pt too wide) in paragraph at lines 489--489
 []|\TU/lmr/m/n/10 Mínimo|
 []


Overfull \hbox (16.19635pt too wide) in paragraph at lines 489--489
 []|\TU/lmr/m/n/10 Máximo|
 []


Overfull \hbox (3.18636pt too wide) in paragraph at lines 489--489
 []|\TU/lmr/m/n/10 Asim|
 []


Overfull \hbox (16.88635pt too wide) in paragraph at lines 489--489
 []|\TU/lmr/m/n/10 Curtosis|
 []


Overfull \hbox (5.63635pt too wide) in paragraph at lines 489--489
 []|\TU/lmr/m/n/10 18900|
 []


Overfull \hbox (18.41635pt too wide) in paragraph at lines 489--489
 []|\TU/lmr/m/n/10 201.1228|
 []


Overfull \hbox (18.41635pt too wide) in paragraph at lines 489--489
 []|\TU/lmr/m/n/10 62.17163|
 []


Overfull \hbox (8.41635pt too wide) in paragraph at lines 489--489
 []|\TU/lmr/m/n/10 204.12|
 []


Overfull \hbox (13.41635pt too wide) in paragraph at lines 489--489
 []|\TU/lmr/m/n/10 97.6425|
 []


Overfull \hbox (18.41635pt too wide) in paragraph at lines 489--489
 []|\TU/lmr/m/n/10 149.8575|
 []


Overfull \hbox (3.41635pt too wide) in paragraph at lines 489--489
 []|\TU/lmr/m/n/10 247.5|
 []


Overfull \hbox (8.41635pt too wide) in paragraph at lines 489--489
 []|\TU/lmr/m/n/10 408.23|
 []


Overfull \hbox (23.41635pt too wide) in paragraph at lines 489--489
 []|\TU/lmr/m/n/10 0.1097141|
 []


Overfull \hbox (18.41635pt too wide) in paragraph at lines 489--489
 []|\TU/lmr/m/n/10 2.333665|
 []

[13]
Overfull \hbox (64.5pt too wide) detected at line 530
  []\TU/lmtt/b/n/10 labs[]\TU/lmtt/m/n/10 ([]title=[][][]Distribucion del peso 
muerto levantado por cada individuo (kg)[][], 
 []


Overfull \hbox (30.90562pt too wide) has occurred while \output is active
\TU/lmr/m/n/10 14 \TU/lmr/m/sl/10 CHAPTER 2.  ANALISIS EXPLORATORIO DE BESTDEAD
LIFTKG (TARGET)
 []

[14]
File: bookdown-demo_files/bookdown-demo_files/figure-latex/unnamed-chunk-2-1.pd
f Graphic file (type pdf)
<use bookdown-demo_files/bookdown-demo_files/figure-latex/unnamed-chunk-2-1.pdf
>

Overfull \hbox (195.93pt too wide) detected at line 549
  []\TU/lmtt/b/n/10 stat_summary[]\TU/lmtt/m/n/10 ([]fun=[]mean, []geom=[][][]p
oint[][], []shape=[][]20[], []size=[][]3[], []color=[][][]green3[][])[]\TU/lmtt
/b/n/10 +[] []\TU/lmtt/m/it/10 #colocar un punto en la media[] 
 []

File: bookdown-demo_files/bookdown-demo_files/figure-latex/Boxplot-1.pdf Graphi
c file (type pdf)
<use bookdown-demo_files/bookdown-demo_files/figure-latex/Boxplot-1.pdf>
[15]
Overfull \hbox (30.90562pt too wide) has occurred while \output is active
\TU/lmr/m/n/10 16 \TU/lmr/m/sl/10 CHAPTER 2.  ANALISIS EXPLORATORIO DE BESTDEAD
LIFTKG (TARGET)
 []

[16]
Chapter 3.

Overfull \hbox (75.0pt too wide) detected at line 568
    []\TU/lmtt/m/n/10 cols=[][]\TU/lmtt/b/n/10 everything[]\TU/lmtt/m/n/10 (), 
[]\TU/lmtt/m/it/10 #llaves y valores para cambiar la posicion del encabezado[] 

 []


Overfull \hbox (27.75pt too wide) detected at line 585
  []\TU/lmtt/b/n/10 kable_styling[]\TU/lmtt/m/n/10 ([]bootstrap_options =[] []\
TU/lmtt/b/n/10 c[]\TU/lmtt/m/n/10 ([]"striped"[], []"hover"[], []"condensed"[])
, 
 []


Overfull \hbox (17.45pt too wide) in paragraph at lines 607--607
[]|\TU/lmr/m/n/10 variable|  
 []


Overfull \hbox (9.36pt too wide) in paragraph at lines 607--607
 []|\TU/lmr/m/n/10 media|
 []


Overfull \hbox (19.92pt too wide) in paragraph at lines 607--607
 []|\TU/lmr/m/n/10 mediana|
 []


Overfull \hbox (1.44pt too wide) in paragraph at lines 607--607
 []|\TU/lmr/m/n/10 RIC|
 []


Overfull \hbox (16.03pt too wide) in paragraph at lines 607--607
 []|\TU/lmr/m/n/10 minimo|
 []


Overfull \hbox (17.97pt too wide) in paragraph at lines 607--607
 []|\TU/lmr/m/n/10 maximo|
 []


Overfull \hbox (3.3pt too wide) in paragraph at lines 607--607
 []|\TU/lmr/m/n/10 asim|
 []


Overfull \hbox (16.72pt too wide) in paragraph at lines 607--607
 []|\TU/lmr/m/n/10 curtosis|
 []


Overfull \hbox (8.25pt too wide) in paragraph at lines 607--607
 []|\TU/lmr/m/n/10 18900|
 []


Overfull \hbox (21.03pt too wide) in paragraph at lines 607--607
 []|\TU/lmr/m/n/10 29.66470|
 []


Overfull \hbox (21.03pt too wide) in paragraph at lines 607--607
 []|\TU/lmr/m/n/10 11.50345|
 []


Overfull \hbox (1.03pt too wide) in paragraph at lines 607--607
 []|\TU/lmr/m/n/10 26.5|
 []


Overfull \hbox (6.03pt too wide) in paragraph at lines 607--607
 []|\TU/lmr/m/n/10 13.00|
 []


Overfull \hbox (1.03pt too wide) in paragraph at lines 607--607
 []|\TU/lmr/m/n/10 21.5|
 []


Overfull \hbox (6.03pt too wide) in paragraph at lines 607--607
 []|\TU/lmr/m/n/10 34.50|
 []


Overfull \hbox (1.03pt too wide) in paragraph at lines 607--607
 []|\TU/lmr/m/n/10 7.00|
 []


Overfull \hbox (26.03pt too wide) in paragraph at lines 607--607
 []|\TU/lmr/m/n/10 1.3295986|
 []


Overfull \hbox (21.03pt too wide) in paragraph at lines 607--607
 []|\TU/lmr/m/n/10 4.742084|
 []


Overfull \hbox (42.18001pt too wide) in paragraph at lines 607--607
[]|\TU/lmr/m/n/10 BestBenchKg|  
 []


Overfull \hbox (8.25pt too wide) in paragraph at lines 607--607
 []|\TU/lmr/m/n/10 18900|
 []


Overfull \hbox (26.03pt too wide) in paragraph at lines 607--607
 []|\TU/lmr/m/n/10 116.96339|
 []


Overfull \hbox (21.03pt too wide) in paragraph at lines 607--607
 []|\TU/lmr/m/n/10 51.23165|
 []


Overfull \hbox (6.03pt too wide) in paragraph at lines 607--607
 []|\TU/lmr/m/n/10 115.0|
 []


Overfull \hbox (6.03pt too wide) in paragraph at lines 607--607
 []|\TU/lmr/m/n/10 77.50|
 []


Overfull \hbox (1.03pt too wide) in paragraph at lines 607--607
 []|\TU/lmr/m/n/10 72.5|
 []


Overfull \hbox (11.03pt too wide) in paragraph at lines 607--607
 []|\TU/lmr/m/n/10 150.00|
 []


Overfull \hbox (1.03pt too wide) in paragraph at lines 607--607
 []|\TU/lmr/m/n/10 9.10|
 []


Overfull \hbox (26.03pt too wide) in paragraph at lines 607--607
 []|\TU/lmr/m/n/10 0.6450795|
 []


Overfull \hbox (21.03pt too wide) in paragraph at lines 607--607
 []|\TU/lmr/m/n/10 3.615781|
 []


Overfull \hbox (40.67pt too wide) in paragraph at lines 607--607
[]|\TU/lmr/m/n/10 BestSquatKg|  
 []


Overfull \hbox (8.25pt too wide) in paragraph at lines 607--607
 []|\TU/lmr/m/n/10 18900|
 []


Overfull \hbox (26.03pt too wide) in paragraph at lines 607--607
 []|\TU/lmr/m/n/10 179.16597|
 []


Overfull \hbox (21.03pt too wide) in paragraph at lines 607--607
 []|\TU/lmr/m/n/10 69.09070|
 []


Overfull \hbox (6.03pt too wide) in paragraph at lines 607--607
 []|\TU/lmr/m/n/10 175.0|
 []


Overfull \hbox (6.03pt too wide) in paragraph at lines 607--607
 []|\TU/lmr/m/n/10 97.50|
 []


Overfull \hbox (6.03pt too wide) in paragraph at lines 607--607
 []|\TU/lmr/m/n/10 125.0|
 []


Overfull \hbox (11.03pt too wide) in paragraph at lines 607--607
 []|\TU/lmr/m/n/10 222.50|
 []


Overfull \hbox (6.03pt too wide) in paragraph at lines 607--607
 []|\TU/lmr/m/n/10 13.60|
 []


Overfull \hbox (26.03pt too wide) in paragraph at lines 607--607
 []|\TU/lmr/m/n/10 0.6052807|
 []


Overfull \hbox (21.03pt too wide) in paragraph at lines 607--607
 []|\TU/lmr/m/n/10 3.463130|
 []


Overfull \hbox (47.56pt too wide) in paragraph at lines 607--607
[]|\TU/lmr/m/n/10 BodyweightKg|  
 []


Overfull \hbox (8.25pt too wide) in paragraph at lines 607--607
 []|\TU/lmr/m/n/10 18900|
 []


Overfull \hbox (21.03pt too wide) in paragraph at lines 607--607
 []|\TU/lmr/m/n/10 85.42556|
 []


Overfull \hbox (21.03pt too wide) in paragraph at lines 607--607
 []|\TU/lmr/m/n/10 22.95972|
 []


Overfull \hbox (1.03pt too wide) in paragraph at lines 607--607
 []|\TU/lmr/m/n/10 82.1|
 []


Overfull \hbox (6.03pt too wide) in paragraph at lines 607--607
 []|\TU/lmr/m/n/10 31.27|
 []


Overfull \hbox (1.03pt too wide) in paragraph at lines 607--607
 []|\TU/lmr/m/n/10 67.7|
 []


Overfull \hbox (6.03pt too wide) in paragraph at lines 607--607
 []|\TU/lmr/m/n/10 98.97|
 []


Overfull \hbox (6.03pt too wide) in paragraph at lines 607--607
 []|\TU/lmr/m/n/10 26.13|
 []


Overfull \hbox (26.03pt too wide) in paragraph at lines 607--607
 []|\TU/lmr/m/n/10 0.7953441|
 []


Overfull \hbox (21.03pt too wide) in paragraph at lines 607--607
 []|\TU/lmr/m/n/10 3.876567|
 []


Underfull \vbox (badness 10000) has occurred while \output is active []

[17

] [18]
File: bookdown-demo_files/bookdown-demo_files/figure-latex/unnamed-chunk-3-1.pd
f Graphic file (type pdf)
<use bookdown-demo_files/bookdown-demo_files/figure-latex/unnamed-chunk-3-1.pdf
>

Underfull \vbox (badness 10000) has occurred while \output is active []

[19] [20] [21] [22

]
Chapter 4.
File: bookdown-demo_files/bookdown-demo_files/figure-latex/unnamed-chunk-4-1.pd
f Graphic file (type pdf)
<use bookdown-demo_files/bookdown-demo_files/figure-latex/unnamed-chunk-4-1.pdf
>

Underfull \vbox (badness 10000) has occurred while \output is active []

[23]
Overfull \hbox (27.75pt too wide) detected at line 732
  []\TU/lmtt/b/n/10 facet_grid[]\TU/lmtt/m/n/10 (.[]\TU/lmtt/b/n/10 ~[][][]\TU/
lmtt/m/n/10 Dispersion entre la Mejor Sentadilla y el Peso muerto[][]) 
 []

File: bookdown-demo_files/bookdown-demo_files/figure-latex/unnamed-chunk-5-1.pd
f Graphic file (type pdf)
<use bookdown-demo_files/bookdown-demo_files/figure-latex/unnamed-chunk-5-1.pdf
>

Underfull \vbox (badness 10000) has occurred while \output is active []

[24]
Overfull \hbox (12.0pt too wide) detected at line 749
  []\TU/lmtt/b/n/10 facet_grid[]\TU/lmtt/m/n/10 (.[]\TU/lmtt/b/n/10 ~[][][]\TU/
lmtt/m/n/10 Dispersion entre el Peso corporal y el Peso muerto[][]) 
 []

File: bookdown-demo_files/bookdown-demo_files/figure-latex/unnamed-chunk-6-1.pd
f Graphic file (type pdf)
<use bookdown-demo_files/bookdown-demo_files/figure-latex/unnamed-chunk-6-1.pdf
>

Underfull \vbox (badness 10000) has occurred while \output is active []

[25]
Overfull \hbox (33.0pt too wide) detected at line 766
  []\TU/lmtt/b/n/10 facet_grid[]\TU/lmtt/m/n/10 (.[]\TU/lmtt/b/n/10 ~[][][]\TU/
lmtt/m/n/10 Dispersion entre el Mejor Press Banca y el Peso muerto[][]) 
 []

File: bookdown-demo_files/bookdown-demo_files/figure-latex/unnamed-chunk-7-1.pd
f Graphic file (type pdf)
<use bookdown-demo_files/bookdown-demo_files/figure-latex/unnamed-chunk-7-1.pdf
>

Underfull \vbox (badness 10000) has occurred while \output is active []

[26] [27] [28

]
Chapter 5.
File: bookdown-demo_files/bookdown-demo_files/figure-latex/tablaSex-1.pdf Graph
ic file (type pdf)
<use bookdown-demo_files/bookdown-demo_files/figure-latex/tablaSex-1.pdf>

Underfull \vbox (badness 10000) has occurred while \output is active []

[29]
Underfull \hbox (badness 1365) in paragraph at lines 798--798
[]\TU/lmr/bx/n/14.4 Comparacion entre peso muerto y sexo
 []


Underfull \vbox (badness 10000) has occurred while \output is active []

[30]
Overfull \hbox (22.5pt too wide) detected at line 827
  []\TU/lmtt/b/n/10 geom_boxplot[]\TU/lmtt/m/n/10 ([]fill=[][]"#797bb0"[], []co
lor=[][]"black"[],[]outlier.color=[][]"darkred"[])[]\TU/lmtt/b/n/10 +[] 
 []


Overfull \hbox (33.0pt too wide) detected at line 828
  []\TU/lmtt/b/n/10 stat_summary[]\TU/lmtt/m/n/10 ([]fun=[]mean, []geom=[][][]p
oint[][], []shape=[][]20[], []size=[][]3[], []color=[][]"green"[])[]\TU/lmtt/b/
n/10 +[] 
 []


Overfull \hbox (64.5pt too wide) detected at line 829
  []\TU/lmtt/b/n/10 labs[]\TU/lmtt/m/n/10 ([]title =[] []"Peso muerto segun sex
o"[], []x =[] []"Sexo"[], []y =[] []"Peso muerto (Kg)"[]) []\TU/lmtt/b/n/10 +[]
 
 []

File: bookdown-demo_files/bookdown-demo_files/figure-latex/biboxplot-1.pdf Grap
hic file (type pdf)
<use bookdown-demo_files/bookdown-demo_files/figure-latex/biboxplot-1.pdf>

Overfull \hbox (44.02342pt too wide) has occurred while \output is active
\TU/lmr/m/sl/10 5.3.  DIAGRAMA DE BARRAS: FRECUENCIA DE LA VARIABLE ‘EQUIPAMENT
’ \TU/lmr/m/n/10 31
 []

[31]
File: bookdown-demo_files/bookdown-demo_files/figure-latex/tablaEquipment-1.pdf
 Graphic file (type pdf)
<use bookdown-demo_files/bookdown-demo_files/figure-latex/tablaEquipment-1.pdf>

[32]
Overfull \hbox (22.5pt too wide) detected at line 891
  []\TU/lmtt/b/n/10 geom_boxplot[]\TU/lmtt/m/n/10 ([]fill=[][]"#797bb0"[], []co
lor=[][]"black"[],[]outlier.color=[][]"darkred"[])[]\TU/lmtt/b/n/10 +[] 
 []


Overfull \hbox (33.0pt too wide) detected at line 892
  []\TU/lmtt/b/n/10 stat_summary[]\TU/lmtt/m/n/10 ([]fun=[]mean, []geom=[][][]p
oint[][], []shape=[][]20[], []size=[][]3[], []color=[][]"green"[])[]\TU/lmtt/b/
n/10 +[] 
 []


Overfull \hbox (101.25pt too wide) detected at line 893
  []\TU/lmtt/b/n/10 labs[]\TU/lmtt/m/n/10 ([]title =[] []"Peso muerto segun equ
ipo"[], []x =[] []"Equipment"[], []y =[] []"Peso muerto (Kg)"[]) []\TU/lmtt/b/n
/10 +[] 
 []

File: bookdown-demo_files/bookdown-demo_files/figure-latex/biboxplot1-1.pdf Gra
phic file (type pdf)
<use bookdown-demo_files/bookdown-demo_files/figure-latex/biboxplot1-1.pdf>
[33] [34

]
Chapter 6.
File: bookdown-demo_files/bookdown-demo_files/figure-latex/pares-1.pdf Graphic 
file (type pdf)
<use bookdown-demo_files/bookdown-demo_files/figure-latex/pares-1.pdf>
File: bookdown-demo_files/bookdown-demo_files/figure-latex/sexo-todas-1.pdf Gra
phic file (type pdf)
<use bookdown-demo_files/bookdown-demo_files/figure-latex/sexo-todas-1.pdf>

Underfull \vbox (badness 10000) has occurred while \output is active []

[35]
File: bookdown-demo_files/bookdown-demo_files/figure-latex/eq-todas-1.pdf Graph
ic file (type pdf)
<use bookdown-demo_files/bookdown-demo_files/figure-latex/eq-todas-1.pdf>

Underfull \vbox (badness 10000) has occurred while \output is active []


Overfull \hbox (56.20561pt too wide) has occurred while \output is active
\TU/lmr/m/n/10 36 \TU/lmr/m/sl/10 CHAPTER 6.  VARIABLES INDEPENDIENTES VS VARIA
BLES INDEPENDIENTES:
 []

[36]
File: bookdown-demo_files/bookdown-demo_files/figure-latex/eq-sexo-1.pdf Graphi
c file (type pdf)
<use bookdown-demo_files/bookdown-demo_files/figure-latex/eq-sexo-1.pdf>
[37]
Overfull \hbox (56.20561pt too wide) has occurred while \output is active
\TU/lmr/m/n/10 38 \TU/lmr/m/sl/10 CHAPTER 6.  VARIABLES INDEPENDIENTES VS VARIA
BLES INDEPENDIENTES:
 []

[38

]
Chapter 7.
File: bookdown-demo_files/bookdown-demo_files/figure-latex/fe_variables-1.pdf G
raphic file (type pdf)
<use bookdown-demo_files/bookdown-demo_files/figure-latex/fe_variables-1.pdf>

Underfull \vbox (badness 10000) has occurred while \output is active []

[39]
Overfull \hbox (122.25pt too wide) detected at line 941
    []\TU/lmtt/m/it/10 # ratio: cuánto pesa lo que levanta en sentadilla, relat
ivo a su propio peso corporal[] 
 []


Overfull \hbox (48.04564pt too wide) has occurred while \output is active
\TU/lmr/m/n/10 40 \TU/lmr/m/sl/10 CHAPTER 7.  INGENIERIA DE CARACTERIZACION (FE
ATURE ENGINEERING)
 []

[40]
Overfull \hbox (38.25pt too wide) detected at line 955
  []\TU/lmtt/b/n/10 summarise[]\TU/lmtt/m/n/10 ([]\TU/lmtt/b/n/10 across[]\TU/l
mtt/m/n/10 ([]\TU/lmtt/b/n/10 everything[]\TU/lmtt/m/n/10 (), []\TU/lmtt/b/n/10
 ~[] []sum[]\TU/lmtt/m/n/10 ([]\TU/lmtt/b/n/10 is.na[]\TU/lmtt/m/n/10 (.)),[].n
ames=[][]"NA_{.col}"[])) []\TU/lmtt/b/n/10 %>%[] 
 []


Overfull \hbox (27.75pt too wide) detected at line 957
  []\TU/lmtt/b/n/10 kable_styling[]\TU/lmtt/m/n/10 ([]bootstrap_options =[] []\
TU/lmtt/b/n/10 c[]\TU/lmtt/m/n/10 ([]"striped"[], []"hover"[], []"condensed"[])
, 
 []


Overfull \hbox (41.34pt too wide) in paragraph at lines 973--973
 []|\TU/lmr/m/n/10 NA_playerId|
 []


Overfull \hbox (31.02pt too wide) in paragraph at lines 973--973
 []|\TU/lmr/m/n/10 NA_Name|
 []


Overfull \hbox (21.03pt too wide) in paragraph at lines 973--973
 []|\TU/lmr/m/n/10 NA_Sex|
 []


Overfull \hbox (53.68001pt too wide) in paragraph at lines 973--973
 []|\TU/lmr/m/n/10 NA_Equipment|
 []


Overfull \hbox (22.69pt too wide) in paragraph at lines 973--973
 []|\TU/lmr/m/n/10 NA_Age|
 []


Overfull \hbox (70.06pt too wide) in paragraph at lines 973--973
 []|\TU/lmr/m/n/10 NA_BodyweightKg|
 []


Overfull \hbox (63.17pt too wide) in paragraph at lines 973--973
 []|\TU/lmr/m/n/10 NA_BestSquatKg|
 []


Overfull \hbox (73.03pt too wide) in paragraph at lines 973--973
 []|\TU/lmr/m/n/10 NA_BestDeadliftKg|
 []


Overfull \hbox (64.68001pt too wide) in paragraph at lines 973--973
 []|\TU/lmr/m/n/10 NA_BestBenchKg|
 []


Overfull \hbox (89.43001pt too wide) in paragraph at lines 973--973
 []|\TU/lmr/m/n/10 NA_upper_lower_total|
 []


Overfull \hbox (84.23001pt too wide) in paragraph at lines 973--973
 []|\TU/lmr/m/n/10 NA_ratio_squat_peso|
 []


Overfull \hbox (86.12001pt too wide) in paragraph at lines 973--973
 []|\TU/lmr/m/n/10 NA_ratio_bench_peso|
 []


Overfull \hbox (117.0pt too wide) detected at line 981
  []\TU/lmtt/b/n/10 select[]\TU/lmtt/m/n/10 (Age, BestDeadliftKg, upper_lower_t
otal, ratio_squat_peso, ratio_bench_peso) []\TU/lmtt/b/n/10 %>%[] 
 []


Overfull \hbox (17.25pt too wide) detected at line 983
[]\TU/lmtt/b/n/10 kable[]\TU/lmtt/m/n/10 ([]caption =[] []" Dataset luego de re
alizar feature engineering"[]) []\TU/lmtt/b/n/10 %>%[] 
 []


Overfull \hbox (27.75pt too wide) detected at line 984
  []\TU/lmtt/b/n/10 kable_styling[]\TU